/Users/zoomies/Desktop/liveitupdeals/pipeline_scraper.py:77: FutureWarning: 

All support for the `google.generativeai` package has ended. It will no longer be receiving 
updates or bug fixes. Please switch to the `google.genai` package as soon as possible.
See README for more details:

https://github.com/google-gemini/deprecated-generative-ai-python/blob/main/README.md

  import google.generativeai as gemini
2026-01-31 19:05:11,100 [INFO] Fetching from RapidAPI for 'luxury skincare gift set'...
2026-01-31 19:05:13,801 [INFO]   Fetching details for B0F4M9VFVD...
2026-01-31 19:05:17,271 [INFO] ✓ RapidAPI returned 1 enriched products
2026-01-31 19:05:17,272 [INFO] ✨ Products fetched via RapidAPI for 'luxury skincare gift set'
2026-01-31 19:05:21,662 [INFO] ✓ Professional script generated: Why I always splurge on Estée Lauder ANR 💸
2026-01-31 19:05:21,669 [WARNING] OPENAI_API_KEY missing. Falling back to silent video or gTTS.
2026-01-31 19:05:22,356 [INFO] Generating carousel video for B0F4M9VFVD...
2026-01-31 19:05:22,657 [ERROR] Failed to generate carousel video: Command 'ffmpeg -y -loop 1 -t 3 -i temp/img_B0F4M9VFVD_0.jpg -loop 1 -t 3 -i temp/img_B0F4M9VFVD_1.jpg -loop 1 -t 3 -i temp/img_B0F4M9VFVD_2.jpg -loop 1 -t 3 -i temp/img_B0F4M9VFVD_3.jpg -loop 1 -t 3 -i temp/img_B0F4M9VFVD_4.jpg  -f lavfi -i anullsrc=channel_layout=stereo:sample_rate=44100  -filter_complex "[0:v]scale=1080:1920:force_original_aspect_ratio=increase,crop=1080:1920,setsar=1[v0]; [1:v]scale=1080:1920:force_original_aspect_ratio=increase,crop=1080:1920,setsar=1[v1]; [2:v]scale=1080:1920:force_original_aspect_ratio=increase,crop=1080:1920,setsar=1[v2]; [3:v]scale=1080:1920:force_original_aspect_ratio=increase,crop=1080:1920,setsar=1[v3]; [4:v]scale=1080:1920:force_original_aspect_ratio=increase,crop=1080:1920,setsar=1[v4]; [v0][v1][v2][v3][v4]concat=n=5:v=1:a=0[v_carousel]; [v_carousel]drawtext=text='THE ICONIC $90 SECRET 🤫':fontcolor=white:fontsize=80:x=(W-tw)/2:y=300:box=1:boxcolor=black@0.6:boxborderw=20:enable='between(t,0,3)'[v_h]; [v_h]drawtext=text='Synchronized Repair\: Hyaluronic Acid & Peptides':fontcolor=white:fontsize=65:x=(W-tw)/2:y=H-500:box=1:boxcolor=black@0.6:boxborderw=20:enable='between(t,3,12)'[v_b]; [v_b]drawtext=text='SHOP THE ANR LEGACY | Link in Bio':fontcolor=gold:fontsize=90:x=(W-tw)/2:y=H-400:box=1:boxcolor=black@0.8:boxborderw=20:enable='between(t,12,15)'[vout]; [1:a]volume=0[aout]" -map "[vout]" -map "[aout]" -c:v libx264 -pix_fmt yuv420p -r 30 -t 15 output_videos/video_B0F4M9VFVD.mp4' returned non-zero exit status 234.
🔍 Fetching high-end product with multi-images...
✅ Found: Estée Lauder Advanced Night Repair Face Serum Synchronized Multi-Recovery Complex with Hyaluronic Acid & Peptides | Anti Aging & Hydrating
✅ Images: 5
🤖 Generating professional narration script...
{
  "title": "Why I always splurge on Est\u00e9e Lauder ANR \ud83d\udcb8",
  "narration": "Stop settling for basic routines. This is the Est\u00e9e Lauder legacy: Advanced Night Repair. It synchronizes your skin\u2019s recovery cycle while you sleep. Hyaluronic acid and peptides deliver deep anti-aging hydration for that effortless, timeless glow. Invest in the legend.",
  "hook_overlay": "THE ICONIC $90 SECRET \ud83e\udd2b",
  "body_overlay": "Synchronized Repair: Hyaluronic Acid & Peptides",
  "cta_overlay": "SHOP THE ANR LEGACY | Link in Bio",
  "hashtags": [
    "#LuxurySkincare",
    "#EsteeLauder",
    "#AdvancedNightRepair",
    "#AntiAgingSecrets",
    "#ThatGirlRoutine"
  ]
}
🎙️ Generating Nova voiceover...
🎬 Assembling Carousel Video (15s)...
❌ Video assembly failed.
